#
# There is insufficient memory for the Java Runtime Environment to continue.
# Native memory allocation (malloc) failed to allocate 690640 bytes. Error detail: Chunk::new
# Possible reasons:
#   The system is out of physical RAM or swap space
#   This process is running with CompressedOops enabled, and the Java Heap may be blocking the growth of the native heap
# Possible solutions:
#   Reduce memory load on the system
#   Increase physical memory or swap space
#   Check if swap backing store is full
#   Decrease Java heap size (-Xmx/-Xms)
#   Decrease number of Java threads
#   Decrease Java thread stack sizes (-Xss)
#   Set larger code cache with -XX:ReservedCodeCacheSize=
#   JVM is running with Unscaled Compressed Oops mode in which the Java heap is
#     placed in the first 4GB address space. The Java Heap base address is the
#     maximum limit for the native heap growth. Please use -XX:HeapBaseMinAddress
#     to set the Java Heap base and to place the Java Heap above 4GB virtual address.
# This output file may be truncated or incomplete.
#
#  Out of Memory Error (arena.cpp:168), pid=11956, tid=19388
#
# JRE version: OpenJDK Runtime Environment Temurin-21.0.11+10 (21.0.11+10) (build 21.0.11+10-LTS)
# Java VM: OpenJDK 64-Bit Server VM Temurin-21.0.11+10 (21.0.11+10-LTS, mixed mode, sharing, tiered, compressed oops, compressed class ptrs, parallel gc, windows-amd64)
# No core dump will be written. Minidumps are not enabled by default on client versions of Windows
#

---------------  S U M M A R Y ------------

Command Line: --add-modules=ALL-SYSTEM --add-opens=java.base/java.util=ALL-UNNAMED --add-opens=java.base/java.lang=ALL-UNNAMED --add-opens=java.base/sun.nio.fs=ALL-UNNAMED -Declipse.application=org.eclipse.jdt.ls.core.id1 -Dosgi.bundles.defaultStartLevel=4 -Declipse.product=org.eclipse.jdt.ls.core.product -Djava.import.generatesMetadataFilesAtProjectRoot=false -DDetectVMInstallationsJob.disabled=true -Dfile.encoding=utf8 -XX:+UseParallelGC -XX:GCTimeRatio=4 -XX:AdaptiveSizePolicyWeight=90 -Dsun.zip.disableMemoryMapping=true -Xmx2G -Xms100m -Xlog:disable -javaagent:c:\Users\RITA\.vscode\extensions\redhat.java-1.55.0-win32-x64\lombok\lombok-1.18.39-4050.jar c:\Users\RITA\.vscode\extensions\redhat.java-1.55.0-win32-x64\server\plugins\org.eclipse.equinox.launcher_1.7.200.v20260619-2039.jar -configuration c:\Users\RITA\AppData\Roaming\Code\User\globalStorage\redhat.java\1.55.0\config_ss_win -data c:\Users\RITA\AppData\Roaming\Code\User\workspaceStorage\481f6a8c9dfee66686c1df71d9b69a56\redhat.java\ss_ws --pipe=\\.\pipe\lsp-75b29a2e5ccdb1318531b08713aa0fe3-sock

Host: AMD Ryzen 3 3250U with Radeon Graphics         , 4 cores, 3G,  Windows 11 , 64 bit Build 22621 (10.0.22621.5415)
Time: Sun Aug 30 00:45:46 2026 India Standard Time elapsed time: 2.920487 seconds (0d 0h 0m 2s)

---------------  T H R E A D  ---------------

Current thread (0x0000022a655b4a20):  JavaThread "C2 CompilerThread0" daemon [_thread_in_native, id=19388, stack(0x000000bd16200000,0x000000bd16300000) (1024K)]


Current CompileTask:
C2:2920 1290       4       java.io.DataInputStream::readUTF (501 bytes)

Stack: [0x000000bd16200000,0x000000bd16300000]
Native frames: (J=compiled Java code, j=interpreted, Vv=VM code, C=native code)
V  [jvm.dll+0x6d7e19]
V  [jvm.dll+0x8b5096]
V  [jvm.dll+0x8b764e]
V  [jvm.dll+0x8b7d33]
V  [jvm.dll+0x284596]
V  [jvm.dll+0xc685d]
V  [jvm.dll+0xc6da1]
V  [jvm.dll+0x3bed6b]
V  [jvm.dll+0x38b2b2]
V  [jvm.dll+0x38a6fa]
V  [jvm.dll+0x24c700]
V  [jvm.dll+0x24bce0]
V  [jvm.dll+0x1cb4ae]
V  [jvm.dll+0x25baad]
V  [jvm.dll+0x25a03a]
V  [jvm.dll+0x3f868e]
V  [jvm.dll+0x85fb0d]
V  [jvm.dll+0x6d664d]
C  [ucrtbase.dll+0x29333]
C  [KERNEL32.DLL+0x1259d]
C  [ntdll.dll+0x5af78]


---------------  P R O C E S S  ---------------

Threads class SMR info:
_java_thread_list=0x0000022a7ced8260, length=11, elements={
0x0000022a656bc9a0, 0x0000022a655a8d30, 0x0000022a655aa7a0, 0x0000022a655ade10,
0x0000022a655aed30, 0x0000022a655b0060, 0x0000022a655b3be0, 0x0000022a655b4a20,
0x0000022a65627640, 0x0000022a7cdf4030, 0x0000022a7ceaea90
}

Java Threads: ( => current thread )
  0x0000022a656bc9a0 JavaThread "main"                              [_thread_in_native, id=23636, stack(0x000000bd15800000,0x000000bd15900000) (1024K)]
  0x0000022a655a8d30 JavaThread "Reference Handler"          daemon [_thread_blocked, id=19416, stack(0x000000bd15c00000,0x000000bd15d00000) (1024K)]
  0x0000022a655aa7a0 JavaThread "Finalizer"                  daemon [_thread_blocked, id=11388, stack(0x000000bd15d00000,0x000000bd15e00000) (1024K)]
  0x0000022a655ade10 JavaThread "Signal Dispatcher"          daemon [_thread_blocked, id=29940, stack(0x000000bd15e00000,0x000000bd15f00000) (1024K)]
  0x0000022a655aed30 JavaThread "Attach Listener"            daemon [_thread_blocked, id=35320, stack(0x000000bd15f00000,0x000000bd16000000) (1024K)]
  0x0000022a655b0060 JavaThread "Service Thread"             daemon [_thread_blocked, id=22708, stack(0x000000bd16000000,0x000000bd16100000) (1024K)]
  0x0000022a655b3be0 JavaThread "Monitor Deflation Thread"   daemon [_thread_blocked, id=11204, stack(0x000000bd16100000,0x000000bd16200000) (1024K)]
=>0x0000022a655b4a20 JavaThread "C2 CompilerThread0"         daemon [_thread_in_native, id=19388, stack(0x000000bd16200000,0x000000bd16300000) (1024K)]
  0x0000022a65627640 JavaThread "C1 CompilerThread0"         daemon [_thread_blocked, id=1076, stack(0x000000bd16300000,0x000000bd16400000) (1024K)]
  0x0000022a7cdf4030 JavaThread "Common-Cleaner"             daemon [_thread_blocked, id=19788, stack(0x000000bd16400000,0x000000bd16500000) (1024K)]
  0x0000022a7ceaea90 JavaThread "Notification Thread"        daemon [_thread_blocked, id=34124, stack(0x000000bd16500000,0x000000bd16600000) (1024K)]
Total: 11

Other Threads:
  0x0000022a6577c590 VMThread "VM Thread"                           [id=33140, stack(0x000000bd15b00000,0x000000bd15c00000) (1024K)]
  0x0000022a65726f20 WatcherThread "VM Periodic Task Thread"        [id=23876, stack(0x000000bd15a00000,0x000000bd15b00000) (1024K)]
  0x0000022a656db1f0 WorkerThread "GC Thread#0"                     [id=15028, stack(0x000000bd15900000,0x000000bd15a00000) (1024K)]
  0x0000022a7d2e6de0 WorkerThread "GC Thread#1"                     [id=9528, stack(0x000000bd16600000,0x000000bd16700000) (1024K)]
  0x0000022a7d2e7190 WorkerThread "GC Thread#2"                     [id=30360, stack(0x000000bd16700000,0x000000bd16800000) (1024K)]
  0x0000022a7d2e7540 WorkerThread "GC Thread#3"                     [id=34676, stack(0x000000bd16800000,0x000000bd16900000) (1024K)]
Total: 6

Threads with active compile tasks:
C2 CompilerThread0  2969 1290       4       java.io.DataInputStream::readUTF (501 bytes)
C1 CompilerThread0  2969 1327       2       java.net.URL::toString (5 bytes)
Total: 2

VM state: not at safepoint (normal execution)

VM Mutex/Monitor currently owned by a thread: None

Heap address: 0x0000000080000000, size: 2048 MB, Compressed Oops mode: 32-bit

CDS archive(s) mapped at: [0x0000022a00000000-0x0000022a00ba0000-0x0000022a00ba0000), size 12189696, SharedBaseAddress: 0x0000022a00000000, ArchiveRelocationMode: 1.
Compressed class space mapped at: 0x0000022a01000000-0x0000022a41000000, reserved size: 1073741824
Narrow klass base: 0x0000022a00000000, Narrow klass shift: 0, Narrow klass range: 0x100000000

GC Precious Log:
 CardTable entry size: 512
 CPUs: 4 total, 4 available
 Memory: 3470M
 Large Page Support: Disabled
 NUMA Support: Disabled
 Compressed Oops: Enabled (32-bit)
 Alignments: Space 512K, Generation 512K, Heap 2M
 Heap Min Capacity: 100M
 Heap Initial Capacity: 100M
 Heap Max Capacity: 2G
 Pre-touch: Disabled
 Parallel Workers: 4

Heap:
 PSYoungGen      total 29696K, used 11196K [0x00000000d5580000, 0x00000000d7680000, 0x0000000100000000)
  eden space 25600K, 30% used [0x00000000d5580000,0x00000000d5d35488,0x00000000d6e80000)
  from space 4096K, 80% used [0x00000000d6e80000,0x00000000d71b9e98,0x00000000d7280000)
  to   space 4096K, 0% used [0x00000000d7280000,0x00000000d7280000,0x00000000d7680000)
 ParOldGen       total 68608K, used 16K [0x0000000080000000, 0x0000000084300000, 0x00000000d5580000)
  object space 68608K, 0% used [0x0000000080000000,0x0000000080004000,0x0000000084300000)
 Metaspace       used 6035K, committed 6336K, reserved 1114112K
  class space    used 619K, committed 768K, reserved 1048576K

Card table byte_map: [0x0000022a65060000,0x0000022a65470000] _byte_map_base: 0x0000022a64c60000

Marking Bits: (ParMarkBitMap*) 0x00007fffa89d4460
 Begin Bits: [0x0000022a77b70000, 0x0000022a79b70000)
 End Bits:   [0x0000022a79b70000, 0x0000022a7bb70000)

Polling page: 0x0000022a63500000

Metaspace:

Usage:
  Non-class:      5.29 MB used.
      Class:    619.34 KB used.
       Both:      5.89 MB used.

Virtual space:
  Non-class space:       64.00 MB reserved,       5.44 MB (  8%) committed,  1 nodes.
      Class space:        1.00 GB reserved,     768.00 KB ( <1%) committed,  1 nodes.
             Both:        1.06 GB reserved,       6.19 MB ( <1%) committed. 

Chunk freelists:
   Non-Class:  10.08 MB
       Class:  15.08 MB
        Both:  25.16 MB

MaxMetaspaceSize: unlimited
CompressedClassSpaceSize: 1.00 GB
Initial GC threshold: 21.00 MB
Current GC threshold: 21.00 MB
CDS: on
 - commit_granule_bytes: 65536.
 - commit_granule_words: 8192.
 - virtual_space_node_default_size: 8388608.
 - enlarge_chunks_in_place: 1.
 - use_allocation_guard: 0.


Internal statistics:

num_allocs_failed_limit: 0.
num_arena_births: 190.
num_arena_deaths: 0.
num_vsnodes_births: 2.
num_vsnodes_deaths: 0.
num_space_committed: 99.
num_space_uncommitted: 0.
num_chunks_returned_to_freelist: 0.
num_chunks_taken_from_freelist: 313.
num_chunk_merges: 0.
num_chunk_splits: 200.
num_chunks_enlarged: 125.
num_inconsistent_stats: 0.

CodeHeap 'non-profiled nmethods': size=120000Kb used=466Kb max_used=466Kb free=119534Kb
 bounds [0x0000022a70390000, 0x0000022a70600000, 0x0000022a778c0000]
CodeHeap 'profiled nmethods': size=120000Kb used=2294Kb max_used=2294Kb free=117705Kb
 bounds [0x0000022a688c0000, 0x0000022a68b30000, 0x0000022a6fdf0000]
CodeHeap 'non-nmethods': size=5760Kb used=1207Kb max_used=1220Kb free=4552Kb
 bounds [0x0000022a6fdf0000, 0x0000022a70060000, 0x0000022a70390000]
CodeCache: size=245760Kb, used=3967Kb, max_used=3980Kb, free=241791Kb
 total_blobs=1783, nmethods=1312, adapters=378, full_count=0
Compilation: enabled, stopped_count=0, restarted_count=0

Compilation events (20 events):
Event: 2.854 Thread 0x0000022a655b4a20 1290       4       java.io.DataInputStream::readUTF (501 bytes)
Event: 2.854 Thread 0x0000022a65627640 nmethod 1291 0x0000022a68ae4290 code [0x0000022a68ae4600, 0x0000022a68ae5ae0]
Event: 2.854 Thread 0x0000022a65627640 1292       3       java.io.DataInputStream::readByte (6 bytes)
Event: 2.854 Thread 0x0000022a65627640 nmethod 1292 0x0000022a68ae6210 code [0x0000022a68ae63e0, 0x0000022a68ae66c8]
Event: 2.854 Thread 0x0000022a65627640 1293       3       org.eclipse.osgi.container.ModuleDatabase$Persistence::addToReadTable (70 bytes)
Event: 2.854 Thread 0x0000022a65627640 nmethod 1293 0x0000022a68ae6810 code [0x0000022a68ae6a40, 0x0000022a68ae7240]
Event: 2.862 Thread 0x0000022a65627640 1298       3       org.eclipse.osgi.container.ModuleDatabase$Persistence::readString (7 bytes)
Event: 2.863 Thread 0x0000022a65627640 nmethod 1298 0x0000022a68ae7410 code [0x0000022a68ae75c0, 0x0000022a68ae76e0]
Event: 2.863 Thread 0x0000022a65627640 1299       3       org.eclipse.osgi.container.ModuleDatabase$Persistence::readMapValue (111 bytes)
Event: 2.864 Thread 0x0000022a65627640 nmethod 1299 0x0000022a68ae7790 code [0x0000022a68ae7b40, 0x0000022a68ae9168]
Event: 2.865 Thread 0x0000022a65627640 1300       3       org.eclipse.osgi.container.ModuleDatabase$Persistence::readVersion0 (96 bytes)
Event: 2.867 Thread 0x0000022a65627640 nmethod 1300 0x0000022a68ae9890 code [0x0000022a68ae9ce0, 0x0000022a68aebb00]
Event: 2.877 Thread 0x0000022a65627640 1302       3       org.eclipse.osgi.container.ModuleDatabase$Persistence::readMap (118 bytes)
Event: 2.879 Thread 0x0000022a65627640 nmethod 1302 0x0000022a68aec510 code [0x0000022a68aec8c0, 0x0000022a68aede48]
Event: 2.879 Thread 0x0000022a65627640 1301       3       org.eclipse.osgi.container.ModuleDatabase$Persistence::readIndexedMap (16 bytes)
Event: 2.880 Thread 0x0000022a65627640 nmethod 1301 0x0000022a68aee790 code [0x0000022a68aee9c0, 0x0000022a68aef0b8]
Event: 2.880 Thread 0x0000022a65627640 1305       3       java.util.Collections::unmodifiableMap (22 bytes)
Event: 2.880 Thread 0x0000022a65627640 nmethod 1305 0x0000022a68aef410 code [0x0000022a68aef600, 0x0000022a68aefa50]
Event: 2.889 Thread 0x0000022a65627640 1308       3       org.eclipse.osgi.container.ModuleDatabase$Persistence::readListValue (97 bytes)
Event: 2.891 Thread 0x0000022a65627640 nmethod 1308 0x0000022a68aefc10 code [0x0000022a68aeffa0, 0x0000022a68af1540]

GC Heap History (2 events):
Event: 1.968 GC heap before
{Heap before GC invocations=1 (full 0):
 PSYoungGen      total 29696K, used 25600K [0x00000000d5580000, 0x00000000d7680000, 0x0000000100000000)
  eden space 25600K, 100% used [0x00000000d5580000,0x00000000d6e80000,0x00000000d6e80000)
  from space 4096K, 0% used [0x00000000d7280000,0x00000000d7280000,0x00000000d7680000)
  to   space 4096K, 0% used [0x00000000d6e80000,0x00000000d6e80000,0x00000000d7280000)
 ParOldGen       total 68608K, used 0K [0x0000000080000000, 0x0000000084300000, 0x00000000d5580000)
  object space 68608K, 0% used [0x0000000080000000,0x0000000080000000,0x0000000084300000)
 Metaspace       used 4383K, committed 4608K, reserved 1114112K
  class space    used 475K, committed 576K, reserved 1048576K
}
Event: 1.981 GC heap after
{Heap after GC invocations=1 (full 0):
 PSYoungGen      total 29696K, used 3303K [0x00000000d5580000, 0x00000000d7680000, 0x0000000100000000)
  eden space 25600K, 0% used [0x00000000d5580000,0x00000000d5580000,0x00000000d6e80000)
  from space 4096K, 80% used [0x00000000d6e80000,0x00000000d71b9e98,0x00000000d7280000)
  to   space 4096K, 0% used [0x00000000d7280000,0x00000000d7280000,0x00000000d7680000)
 ParOldGen       total 68608K, used 16K [0x0000000080000000, 0x0000000084300000, 0x00000000d5580000)
  object space 68608K, 0% used [0x0000000080000000,0x0000000080004000,0x0000000084300000)
 Metaspace       used 4383K, committed 4608K, reserved 1114112K
  class space    used 475K, committed 576K, reserved 1048576K
}

Dll operation events (8 events):
Event: 0.040 Loaded shared library c:\Users\RITA\.vscode\extensions\redhat.java-1.55.0-win32-x64\jre\21.0.11-win32-x86_64\bin\java.dll
Event: 0.432 Loaded shared library c:\Users\RITA\.vscode\extensions\redhat.java-1.55.0-win32-x64\jre\21.0.11-win32-x86_64\bin\zip.dll
Event: 0.484 Loaded shared library C:\Users\RITA\.vscode\extensions\redhat.java-1.55.0-win32-x64\jre\21.0.11-win32-x86_64\bin\instrument.dll
Event: 0.496 Loaded shared library C:\Users\RITA\.vscode\extensions\redhat.java-1.55.0-win32-x64\jre\21.0.11-win32-x86_64\bin\net.dll
Event: 0.505 Loaded shared library C:\Users\RITA\.vscode\extensions\redhat.java-1.55.0-win32-x64\jre\21.0.11-win32-x86_64\bin\nio.dll
Event: 0.513 Loaded shared library C:\Users\RITA\.vscode\extensions\redhat.java-1.55.0-win32-x64\jre\21.0.11-win32-x86_64\bin\zip.dll
Event: 0.561 Loaded shared library C:\Users\RITA\.vscode\extensions\redhat.java-1.55.0-win32-x64\jre\21.0.11-win32-x86_64\bin\jimage.dll
Event: 0.830 Loaded shared library c:\Users\RITA\.vscode\extensions\redhat.java-1.55.0-win32-x64\jre\21.0.11-win32-x86_64\bin\verify.dll

Deoptimization events (20 events):
Event: 2.100 Thread 0x0000022a656bc9a0 Uncommon trap: trap_request=0xffffff45 fr.pc=0x0000022a703ebe38 relative=0x0000000000000278
Event: 2.100 Thread 0x0000022a656bc9a0 Uncommon trap: reason=unstable_if action=reinterpret pc=0x0000022a703ebe38 method=java.util.HashMap.hash(Ljava/lang/Object;)I @ 1 c2
Event: 2.100 Thread 0x0000022a656bc9a0 DEOPT PACKING pc=0x0000022a703ebe38 sp=0x000000bd158fec50
Event: 2.100 Thread 0x0000022a656bc9a0 DEOPT UNPACKING pc=0x0000022a6fe43aa2 sp=0x000000bd158feae8 mode 2
Event: 2.102 Thread 0x0000022a656bc9a0 Uncommon trap: trap_request=0xffffff45 fr.pc=0x0000022a703eed3c relative=0x000000000000027c
Event: 2.102 Thread 0x0000022a656bc9a0 Uncommon trap: reason=unstable_if action=reinterpret pc=0x0000022a703eed3c method=java.util.HashMap.hash(Ljava/lang/Object;)I @ 1 c2
Event: 2.103 Thread 0x0000022a656bc9a0 DEOPT PACKING pc=0x0000022a703eed3c sp=0x000000bd158febc0
Event: 2.103 Thread 0x0000022a656bc9a0 DEOPT UNPACKING pc=0x0000022a6fe43aa2 sp=0x000000bd158feac8 mode 2
Event: 2.103 Thread 0x0000022a656bc9a0 Uncommon trap: trap_request=0xffffff45 fr.pc=0x0000022a703e5dd0 relative=0x00000000000000b0
Event: 2.103 Thread 0x0000022a656bc9a0 Uncommon trap: reason=unstable_if action=reinterpret pc=0x0000022a703e5dd0 method=java.util.HashMap.hash(Ljava/lang/Object;)I @ 1 c2
Event: 2.103 Thread 0x0000022a656bc9a0 DEOPT PACKING pc=0x0000022a703e5dd0 sp=0x000000bd158fec70
Event: 2.103 Thread 0x0000022a656bc9a0 DEOPT UNPACKING pc=0x0000022a6fe43aa2 sp=0x000000bd158fec08 mode 2
Event: 2.103 Thread 0x0000022a656bc9a0 Uncommon trap: trap_request=0xffffffde fr.pc=0x0000022a703dc308 relative=0x0000000000000568
Event: 2.103 Thread 0x0000022a656bc9a0 Uncommon trap: reason=class_check action=maybe_recompile pc=0x0000022a703dc308 method=java.util.Collections$UnmodifiableCollection$1.<init>(Ljava/util/Collections$UnmodifiableCollection;)V @ 17 c2
Event: 2.103 Thread 0x0000022a656bc9a0 DEOPT PACKING pc=0x0000022a703dc308 sp=0x000000bd158feca0
Event: 2.103 Thread 0x0000022a656bc9a0 DEOPT UNPACKING pc=0x0000022a6fe43aa2 sp=0x000000bd158febe8 mode 2
Event: 2.611 Thread 0x0000022a656bc9a0 Uncommon trap: trap_request=0xffffff45 fr.pc=0x0000022a703d4ef8 relative=0x0000000000000198
Event: 2.611 Thread 0x0000022a656bc9a0 Uncommon trap: reason=unstable_if action=reinterpret pc=0x0000022a703d4ef8 method=java.lang.invoke.VarHandle.checkAccessModeThenIsDirect(Ljava/lang/invoke/VarHandle$AccessDescriptor;)Z @ 4 c2
Event: 2.611 Thread 0x0000022a656bc9a0 DEOPT PACKING pc=0x0000022a703d4ef8 sp=0x000000bd158fec50
Event: 2.611 Thread 0x0000022a656bc9a0 DEOPT UNPACKING pc=0x0000022a6fe43aa2 sp=0x000000bd158feba8 mode 2

Classes loaded (20 events):
Event: 2.764 Loading class java/util/AbstractQueue done
Event: 2.764 Loading class java/util/concurrent/SynchronousQueue done
Event: 2.765 Loading class java/util/concurrent/SynchronousQueue$Transferer
Event: 2.765 Loading class java/util/concurrent/LinkedTransferQueue
Event: 2.765 Loading class java/util/concurrent/TransferQueue
Event: 2.765 Loading class java/util/concurrent/TransferQueue done
Event: 2.766 Loading class java/util/concurrent/LinkedTransferQueue done
Event: 2.766 Loading class java/util/concurrent/SynchronousQueue$Transferer done
Event: 2.766 Loading class java/util/concurrent/LinkedTransferQueue$DualNode
Event: 2.766 Loading class java/util/concurrent/LinkedTransferQueue$DualNode done
Event: 2.768 Loading class java/util/concurrent/RejectedExecutionHandler
Event: 2.768 Loading class java/util/concurrent/RejectedExecutionHandler done
Event: 2.768 Loading class java/util/concurrent/LinkedBlockingQueue
Event: 2.768 Loading class java/util/concurrent/LinkedBlockingQueue done
Event: 2.768 Loading class java/util/concurrent/LinkedBlockingQueue$Node
Event: 2.769 Loading class java/util/concurrent/LinkedBlockingQueue$Node done
Event: 2.832 Loading class java/util/concurrent/Semaphore$NonfairSync
Event: 2.832 Loading class java/util/concurrent/Semaphore$Sync
Event: 2.832 Loading class java/util/concurrent/Semaphore$Sync done
Event: 2.832 Loading class java/util/concurrent/Semaphore$NonfairSync done

Classes unloaded (0 events):
No events

Classes redefined (0 events):
No events

Internal exceptions (20 events):
Event: 1.353 Thread 0x0000022a656bc9a0 Exception <a 'java/lang/ClassNotFoundException'{0x00000000d646ccc8}: sun/net/www/protocol/c/Handler> (0x00000000d646ccc8) 
thrown [s\src\hotspot\share\classfile\systemDictionary.cpp, line 313]
Event: 1.385 Thread 0x0000022a656bc9a0 Exception <a 'java/io/FileNotFoundException'{0x00000000d64c9d80}> (0x00000000d64c9d80) 
thrown [s\src\hotspot\share\prims\jni.cpp, line 520]
Event: 1.386 Thread 0x0000022a656bc9a0 Exception <a 'java/io/FileNotFoundException'{0x00000000d64cb0a8}> (0x00000000d64cb0a8) 
thrown [s\src\hotspot\share\prims\jni.cpp, line 520]
Event: 1.386 Thread 0x0000022a656bc9a0 Exception <a 'java/io/FileNotFoundException'{0x00000000d64cbd20}> (0x00000000d64cbd20) 
thrown [s\src\hotspot\share\prims\jni.cpp, line 520]
Event: 1.386 Thread 0x0000022a656bc9a0 Exception <a 'java/io/FileNotFoundException'{0x00000000d64cc860}> (0x00000000d64cc860) 
thrown [s\src\hotspot\share\prims\jni.cpp, line 520]
Event: 1.397 Thread 0x0000022a656bc9a0 Exception <a 'java/io/FileNotFoundException'{0x00000000d65069f0}> (0x00000000d65069f0) 
thrown [s\src\hotspot\share\prims\jni.cpp, line 520]
Event: 1.415 Thread 0x0000022a656bc9a0 Exception <a 'java/lang/NoSuchMethodError'{0x00000000d65429a8}: 'java.lang.Object java.lang.invoke.DirectMethodHandle$Holder.invokeInterface(java.lang.Object, java.lang.Object)'> (0x00000000d65429a8) 
thrown [s\src\hotspot\share\interpreter\linkResolver.cpp, line 773]
Event: 1.420 Thread 0x0000022a656bc9a0 Exception <a 'java/lang/NoSuchMethodError'{0x00000000d65564c8}: 'java.lang.Object java.lang.invoke.Invokers$Holder.invokeExact_MT(java.lang.Object, java.lang.Object, java.lang.Object, java.lang.Object, java.lang.Object, java.lang.Object)'> (0x00000000d65564c8) 
thrown [s\src\hotspot\share\interpreter\linkResolver.cpp, line 773]
Event: 1.429 Thread 0x0000022a656bc9a0 Exception <a 'java/lang/NoSuchMethodError'{0x00000000d656d5a0}: 'int java.lang.invoke.DirectMethodHandle$Holder.invokeStatic(java.lang.Object, java.lang.Object, java.lang.Object, java.lang.Object, java.lang.Object)'> (0x00000000d656d5a0) 
thrown [s\src\hotspot\share\interpreter\linkResolver.cpp, line 773]
Event: 1.577 Thread 0x0000022a656bc9a0 Exception <a 'java/lang/NoSuchMethodError'{0x00000000d66018a0}: 'java.lang.Object java.lang.invoke.DirectMethodHandle$Holder.invokeInterface(java.lang.Object, java.lang.Object, int)'> (0x00000000d66018a0) 
thrown [s\src\hotspot\share\interpreter\linkResolver.cpp, line 773]
Event: 1.860 Thread 0x0000022a656bc9a0 Exception <a 'java/lang/NoSuchMethodError'{0x00000000d6a69860}: 'java.lang.ClassLoader java.lang.ClassLoader.getPlatformClassLoader(java.lang.Class)'> (0x00000000d6a69860) 
thrown [s\src\hotspot\share\interpreter\linkResolver.cpp, line 773]
Event: 1.985 Thread 0x0000022a656bc9a0 Exception <a 'java/lang/ClassNotFoundException'{0x00000000d5588520}: sun/net/www/protocol/c/Handler> (0x00000000d5588520) 
thrown [s\src\hotspot\share\classfile\systemDictionary.cpp, line 313]
Event: 1.985 Thread 0x0000022a656bc9a0 Exception <a 'java/lang/ClassNotFoundException'{0x00000000d55898b0}: sun/net/www/protocol/c/Handler> (0x00000000d55898b0) 
thrown [s\src\hotspot\share\classfile\systemDictionary.cpp, line 313]
Event: 1.985 Thread 0x0000022a656bc9a0 Exception <a 'java/lang/ClassNotFoundException'{0x00000000d558aa90}: sun/net/www/protocol/c/Handler> (0x00000000d558aa90) 
thrown [s\src\hotspot\share\classfile\systemDictionary.cpp, line 313]
Event: 1.999 Thread 0x0000022a656bc9a0 Exception <a 'java/io/FileNotFoundException'{0x00000000d55b2680}> (0x00000000d55b2680) 
thrown [s\src\hotspot\share\prims\jni.cpp, line 520]
Event: 2.100 Thread 0x0000022a656bc9a0 Implicit null exception at 0x0000022a703ebc1a to 0x0000022a703ebe20
Event: 2.101 Thread 0x0000022a656bc9a0 Exception <a 'java/lang/NoSuchMethodError'{0x00000000d56e3fa0}: 'void java.lang.invoke.DirectMethodHandle$Holder.invokeStatic(java.lang.Object, java.lang.Object, java.lang.Object, java.lang.Object)'> (0x00000000d56e3fa0) 
thrown [s\src\hotspot\share\interpreter\linkResolver.cpp, line 773]
Event: 2.102 Thread 0x0000022a656bc9a0 Implicit null exception at 0x0000022a703eeb1a to 0x0000022a703eed24
Event: 2.103 Thread 0x0000022a656bc9a0 Implicit null exception at 0x0000022a703e5d3d to 0x0000022a703e5dc1
Event: 2.638 Thread 0x0000022a656bc9a0 Exception <a 'java/lang/NoSuchMethodError'{0x00000000d59a2b30}: 'void java.lang.invoke.DirectMethodHandle$Holder.invokeSpecial(java.lang.Object, java.lang.Object, java.lang.Object)'> (0x00000000d59a2b30) 
thrown [s\src\hotspot\share\interpreter\linkResolver.cpp, line 773]

ZGC Phase Switch (0 events):
No events

VM Operations (12 events):
Event: 0.428 Executing non-safepoint VM operation: HandshakeAllThreads (Deoptimize)
Event: 0.428 Executing non-safepoint VM operation: HandshakeAllThreads (Deoptimize) done
Event: 0.592 Executing non-safepoint VM operation: HandshakeAllThreads (Deoptimize)
Event: 0.592 Executing non-safepoint VM operation: HandshakeAllThreads (Deoptimize) done
Event: 1.310 Executing non-safepoint VM operation: HandshakeAllThreads (Deoptimize)
Event: 1.310 Executing non-safepoint VM operation: HandshakeAllThreads (Deoptimize) done
Event: 1.310 Executing safepoint VM operation: Cleanup
Event: 1.310 Executing safepoint VM operation: Cleanup done
Event: 1.338 Executing non-safepoint VM operation: HandshakeAllThreads (Deoptimize)
Event: 1.338 Executing non-safepoint VM operation: HandshakeAllThreads (Deoptimize) done
Event: 1.968 Executing safepoint VM operation: ParallelGCFailedAllocation (Allocation Failure)
Event: 1.981 Executing safepoint VM operation: ParallelGCFailedAllocation (Allocation Failure) done

Memory protections (0 events):
No events

Nmethod flushes (0 events):
No events

Events (11 events):
Event: 0.102 Thread 0x0000022a656bc9a0 Thread added: 0x0000022a656bc9a0
Event: 0.197 Thread 0x0000022a656bc9a0 Thread added: 0x0000022a655a8d30
Event: 0.198 Thread 0x0000022a656bc9a0 Thread added: 0x0000022a655aa7a0
Event: 0.199 Thread 0x0000022a656bc9a0 Thread added: 0x0000022a655ade10
Event: 0.199 Thread 0x0000022a656bc9a0 Thread added: 0x0000022a655aed30
Event: 0.200 Thread 0x0000022a656bc9a0 Thread added: 0x0000022a655b0060
Event: 0.200 Thread 0x0000022a656bc9a0 Thread added: 0x0000022a655b3be0
Event: 0.200 Thread 0x0000022a656bc9a0 Thread added: 0x0000022a655b4a20
Event: 0.231 Thread 0x0000022a656bc9a0 Thread added: 0x0000022a65627640
Event: 0.488 Thread 0x0000022a656bc9a0 Thread added: 0x0000022a7cdf4030
Event: 1.067 Thread 0x0000022a656bc9a0 Thread added: 0x0000022a7ceaea90


Dynamic libraries:
0x00007ff689010000 - 0x00007ff68901e000 	c:\Users\RITA\.vscode\extensions\redhat.java-1.55.0-win32-x64\jre\21.0.11-win32-x86_64\bin\java.exe
0x00007ff836750000 - 0x00007ff836968000 	C:\WINDOWS\SYSTEM32\ntdll.dll
0x00007ff834ed0000 - 0x00007ff834f94000 	C:\WINDOWS\System32\KERNEL32.DLL
0x00007ff833860000 - 0x00007ff833c33000 	C:\WINDOWS\System32\KERNELBASE.dll
0x00007ff833fc0000 - 0x00007ff8340d1000 	C:\WINDOWS\System32\ucrtbase.dll
0x00007ff825b40000 - 0x00007ff825b58000 	c:\Users\RITA\.vscode\extensions\redhat.java-1.55.0-win32-x64\jre\21.0.11-win32-x86_64\bin\jli.dll
0x00007ff834880000 - 0x00007ff834a32000 	C:\WINDOWS\System32\USER32.dll
0x00007ff833f90000 - 0x00007ff833fb6000 	C:\WINDOWS\System32\win32u.dll
0x00007ff834fa0000 - 0x00007ff834fc9000 	C:\WINDOWS\System32\GDI32.dll
0x00007ff833e70000 - 0x00007ff833f8b000 	C:\WINDOWS\System32\gdi32full.dll
0x00007ff8341e0000 - 0x00007ff83427a000 	C:\WINDOWS\System32\msvcp_win.dll
0x00007ff825a20000 - 0x00007ff825a3e000 	c:\Users\RITA\.vscode\extensions\redhat.java-1.55.0-win32-x64\jre\21.0.11-win32-x86_64\bin\VCRUNTIME140.dll
0x00007ff8232e0000 - 0x00007ff82357c000 	C:\WINDOWS\WinSxS\amd64_microsoft.windows.common-controls_6595b64144ccf1df_6.0.22621.6060_none_2712eda17382d24b\COMCTL32.dll
0x00007ff836510000 - 0x00007ff8365b7000 	C:\WINDOWS\System32\msvcrt.dll
0x00007ff834840000 - 0x00007ff834871000 	C:\WINDOWS\System32\IMM32.DLL
0x00007ff82ffe0000 - 0x00007ff82ffec000 	c:\Users\RITA\.vscode\extensions\redhat.java-1.55.0-win32-x64\jre\21.0.11-win32-x86_64\bin\vcruntime140_1.dll
0x00007ffff5b20000 - 0x00007ffff5bad000 	c:\Users\RITA\.vscode\extensions\redhat.java-1.55.0-win32-x64\jre\21.0.11-win32-x86_64\bin\msvcp140.dll
0x00007fffa7d10000 - 0x00007fffa8ab2000 	c:\Users\RITA\.vscode\extensions\redhat.java-1.55.0-win32-x64\jre\21.0.11-win32-x86_64\bin\server\jvm.dll
0x00007ff835fb0000 - 0x00007ff836061000 	C:\WINDOWS\System32\ADVAPI32.dll
0x00007ff834630000 - 0x00007ff8346d8000 	C:\WINDOWS\System32\sechost.dll
0x00007ff8343c0000 - 0x00007ff8343e8000 	C:\WINDOWS\System32\bcrypt.dll
0x00007ff836070000 - 0x00007ff836188000 	C:\WINDOWS\System32\RPCRT4.dll
0x00007ff835980000 - 0x00007ff8359f1000 	C:\WINDOWS\System32\WS2_32.dll
0x00007ff833740000 - 0x00007ff83378d000 	C:\WINDOWS\SYSTEM32\POWRPROF.dll
0x00007ff82a900000 - 0x00007ff82a90a000 	C:\WINDOWS\SYSTEM32\VERSION.dll
0x00007ff82f5c0000 - 0x00007ff82f5f4000 	C:\WINDOWS\SYSTEM32\WINMM.dll
0x00007ff833720000 - 0x00007ff833733000 	C:\WINDOWS\SYSTEM32\UMPDC.dll
0x00007ff832840000 - 0x00007ff832858000 	C:\WINDOWS\SYSTEM32\kernel.appcore.dll
0x00007ff827a40000 - 0x00007ff827a4a000 	c:\Users\RITA\.vscode\extensions\redhat.java-1.55.0-win32-x64\jre\21.0.11-win32-x86_64\bin\jimage.dll
0x00007ff82c3f0000 - 0x00007ff82c623000 	C:\WINDOWS\SYSTEM32\DBGHELP.DLL
0x00007ff835bf0000 - 0x00007ff835f81000 	C:\WINDOWS\System32\combase.dll
0x00007ff836630000 - 0x00007ff836708000 	C:\WINDOWS\System32\OLEAUT32.dll
0x00007ff8151c0000 - 0x00007ff8151f2000 	C:\WINDOWS\SYSTEM32\dbgcore.DLL
0x00007ff8340e0000 - 0x00007ff83415b000 	C:\WINDOWS\System32\bcryptPrimitives.dll
0x00007ff823f20000 - 0x00007ff823f2f000 	c:\Users\RITA\.vscode\extensions\redhat.java-1.55.0-win32-x64\jre\21.0.11-win32-x86_64\bin\instrument.dll
0x00007ff8240f0000 - 0x00007ff824110000 	c:\Users\RITA\.vscode\extensions\redhat.java-1.55.0-win32-x64\jre\21.0.11-win32-x86_64\bin\java.dll
0x00007ff8350e0000 - 0x00007ff83597c000 	C:\WINDOWS\System32\SHELL32.dll
0x00007ff834280000 - 0x00007ff8343bf000 	C:\WINDOWS\System32\wintypes.dll
0x00007ff831760000 - 0x00007ff83207a000 	C:\WINDOWS\SYSTEM32\windows.storage.dll
0x00007ff835a00000 - 0x00007ff835b04000 	C:\WINDOWS\System32\SHCORE.dll
0x00007ff836340000 - 0x00007ff8363a9000 	C:\WINDOWS\System32\shlwapi.dll
0x00007ff833790000 - 0x00007ff8337b5000 	C:\WINDOWS\SYSTEM32\profapi.dll
0x00007ff823f30000 - 0x00007ff823f48000 	c:\Users\RITA\.vscode\extensions\redhat.java-1.55.0-win32-x64\jre\21.0.11-win32-x86_64\bin\zip.dll
0x00007ff825610000 - 0x00007ff825620000 	C:\Users\RITA\.vscode\extensions\redhat.java-1.55.0-win32-x64\jre\21.0.11-win32-x86_64\bin\net.dll
0x00007ff82f830000 - 0x00007ff82f95c000 	C:\WINDOWS\SYSTEM32\WINHTTP.dll
0x00007ff832d20000 - 0x00007ff832d89000 	C:\WINDOWS\system32\mswsock.dll
0x00007ff821fd0000 - 0x00007ff821fe6000 	C:\Users\RITA\.vscode\extensions\redhat.java-1.55.0-win32-x64\jre\21.0.11-win32-x86_64\bin\nio.dll
0x00007ff820ec0000 - 0x00007ff820ed0000 	c:\Users\RITA\.vscode\extensions\redhat.java-1.55.0-win32-x64\jre\21.0.11-win32-x86_64\bin\verify.dll

JVMTI agents:
c:\Users\RITA\.vscode\extensions\redhat.java-1.55.0-win32-x64\lombok\lombok-1.18.39-4050.jar path:c:\Users\RITA\.vscode\extensions\redhat.java-1.55.0-win32-x64\jre\21.0.11-win32-x86_64\bin\instrument.dll, loaded, initialized, instrumentlib options:none

dbghelp: loaded successfully - version: 4.0.5 - missing functions: none
symbol engine: initialized successfully - sym options: 0x614 - pdb path: .;c:\Users\RITA\.vscode\extensions\redhat.java-1.55.0-win32-x64\jre\21.0.11-win32-x86_64\bin;C:\WINDOWS\SYSTEM32;C:\WINDOWS\WinSxS\amd64_microsoft.windows.common-controls_6595b64144ccf1df_6.0.22621.6060_none_2712eda17382d24b;c:\Users\RITA\.vscode\extensions\redhat.java-1.55.0-win32-x64\jre\21.0.11-win32-x86_64\bin\server

VM Arguments:
jvm_args: --add-modules=ALL-SYSTEM --add-opens=java.base/java.util=ALL-UNNAMED --add-opens=java.base/java.lang=ALL-UNNAMED --add-opens=java.base/sun.nio.fs=ALL-UNNAMED -Declipse.application=org.eclipse.jdt.ls.core.id1 -Dosgi.bundles.defaultStartLevel=4 -Declipse.product=org.eclipse.jdt.ls.core.product -Djava.import.generatesMetadataFilesAtProjectRoot=false -DDetectVMInstallationsJob.disabled=true -Dfile.encoding=utf8 -XX:+UseParallelGC -XX:GCTimeRatio=4 -XX:AdaptiveSizePolicyWeight=90 -Dsun.zip.disableMemoryMapping=true -Xmx2G -Xms100m -Xlog:disable -javaagent:c:\Users\RITA\.vscode\extensions\redhat.java-1.55.0-win32-x64\lombok\lombok-1.18.39-4050.jar 
java_command: c:\Users\RITA\.vscode\extensions\redhat.java-1.55.0-win32-x64\server\plugins\org.eclipse.equinox.launcher_1.7.200.v20260619-2039.jar -configuration c:\Users\RITA\AppData\Roaming\Code\User\globalStorage\redhat.java\1.55.0\config_ss_win -data c:\Users\RITA\AppData\Roaming\Code\User\workspaceStorage\481f6a8c9dfee66686c1df71d9b69a56\redhat.java\ss_ws --pipe=\\.\pipe\lsp-75b29a2e5ccdb1318531b08713aa0fe3-sock
java_class_path (initial): c:\Users\RITA\.vscode\extensions\redhat.java-1.55.0-win32-x64\server\plugins\org.eclipse.equinox.launcher_1.7.200.v20260619-2039.jar
Launcher Type: SUN_STANDARD

[Global flags]
    uintx AdaptiveSizePolicyWeight                 = 90                                        {product} {command line}
     intx CICompilerCount                          = 3                                         {product} {ergonomic}
    uintx GCTimeRatio                              = 4                                         {product} {command line}
   size_t InitialHeapSize                          = 104857600                                 {product} {command line}
   size_t MaxHeapSize                              = 2147483648                                {product} {command line}
   size_t MaxNewSize                               = 715653120                                 {product} {ergonomic}
   size_t MinHeapDeltaBytes                        = 524288                                    {product} {ergonomic}
   size_t MinHeapSize                              = 104857600                                 {product} {command line}
   size_t NewSize                                  = 34603008                                  {product} {ergonomic}
    uintx NonNMethodCodeHeapSize                   = 5832780                                {pd product} {ergonomic}
    uintx NonProfiledCodeHeapSize                  = 122912730                              {pd product} {ergonomic}
   size_t OldSize                                  = 70254592                                  {product} {ergonomic}
    uintx ProfiledCodeHeapSize                     = 122912730                              {pd product} {ergonomic}
    uintx ReservedCodeCacheSize                    = 251658240                              {pd product} {ergonomic}
     bool SegmentedCodeCache                       = true                                      {product} {ergonomic}
   size_t SoftMaxHeapSize                          = 2147483648                             {manageable} {ergonomic}
     bool UseCompressedOops                        = true                           {product lp64_product} {ergonomic}
     bool UseLargePagesIndividualAllocation        = false                                  {pd product} {ergonomic}
     bool UseParallelGC                            = true                                      {product} {command line}

Logging:
Log output configuration:
 #0: stdout all=off uptime,level,tags foldmultilines=false
 #1: stderr all=off uptime,level,tags foldmultilines=false

Release file:
JAVA_VERSION="21.0.11" 
MODULES="java.base java.compiler java.datatransfer java.xml java.prefs java.desktop java.instrument java.logging java.management java.security.sasl java.naming java.rmi java.management.rmi java.net.http java.scripting java.security.jgss java.transaction.xa java.sql java.sql.rowset java.xml.crypto java.se java.smartcardio jdk.accessibility jdk.internal.jvmstat jdk.attach jdk.charsets jdk.internal.opt jdk.zipfs jdk.compiler jdk.crypto.ec jdk.crypto.cryptoki jdk.crypto.mscapi jdk.dynalink jdk.internal.ed jdk.editpad jdk.hotspot.agent jdk.httpserver jdk.internal.le jdk.internal.vm.ci jdk.internal.vm.compiler jdk.internal.vm.compiler.management jdk.jartool jdk.javadoc jdk.jcmd jdk.management jdk.management.agent jdk.jconsole jdk.jdeps jdk.jdwp.agent jdk.jdi jdk.jfr jdk.jshell jdk.jsobject jdk.jstatd jdk.localedata jdk.management.jfr jdk.naming.dns jdk.naming.rmi jdk.net jdk.nio.mapmode jdk.random jdk.sctp jdk.security.auth jdk.security.jgss jdk.unsupported jdk.unsupported.desktop jdk.xml.dom" 

Environment Variables:
PATH=C:\Program Files\Eclipse Adoptium\jdk-25.0.0.36-hotspot\bin;C:\Program Files\Common Files\Oracle\Java\javapath;C:\Python312\Scripts\;C:\Python312\;C:\WINDOWS\system32;C:\WINDOWS;C:\WINDOWS\System32\Wbem;C:\WINDOWS\System32\WindowsPowerShell\v1.0\;C:\WINDOWS\System32\OpenSSH\;C:\Program Files\dotnet\;C:\Program Files\nodejs\;C:\ProgramData\chocolatey\bin;C:\Users\RITA\AppData\Local\Microsoft\WindowsApps;C:\Users\RITA\AppData\Local\Programs\Microsoft VS Code\bin;C:\Users\RITA\AppData\Roaming\npm;C:\Users\RITA\AppData\Local\Programs\Antigravity IDE\bin
USERNAME=RITA
OS=Windows_NT
PROCESSOR_IDENTIFIER=AMD64 Family 23 Model 24 Stepping 1, AuthenticAMD
TMP=C:\Users\RITA\AppData\Local\Temp
TEMP=C:\Users\RITA\AppData\Local\Temp




Periodic native trim disabled

---------------  S Y S T E M  ---------------

OS:
 Windows 11 , 64 bit Build 22621 (10.0.22621.5415)
OS uptime: 4 days 4:53 hours

CPU: total 4 (initial active 4) (4 cores per cpu, 2 threads per core) family 23 model 24 stepping 1 microcode 0x0, cx8, cmov, fxsr, ht, mmx, 3dnowpref, sse, sse2, sse3, ssse3, sse4a, sse4.1, sse4.2, popcnt, lzcnt, tsc, tscinvbit, avx, avx2, aes, clmul, bmi1, bmi2, adx, sha, fma, vzeroupper, clflush, clflushopt, rdtscp, f16c
Processor Information for the first 4 processors :
  Max Mhz: 2600, Current Mhz: 2600, Mhz Limit: 2600

Memory: 4k page, system-wide physical 3470M (90M free)
TotalPageFile size 14222M (AvailPageFile size 0M)
current process WorkingSet (physical memory assigned to process): 82M, peak: 82M
current process commit charge ("private bytes"): 224M, peak: 224M

vm_info: OpenJDK 64-Bit Server VM (21.0.11+10-LTS) for windows-amd64 JRE (21.0.11+10-LTS), built on 2026-04-21T00:00:00Z by "admin" with MS VC++ 17.12 (VS2022)

END.
